
> farwind@0.1.0 test:aiming-scope
> npm run build && playwright test --config tools/playwright-aiming-scope.config.ts --trace off


> farwind@0.1.0 build
> tsc --noEmit && vite build

vite v8.3.1 building client environment for production...
transforming...
✓ 156 modules transformed.
rendering chunks...
computing gzip size...
dist/index.html                               0.80 kB │ gzip:   0.44 kB
dist/xiaobao-preview.html                     1.99 kB │ gzip:   1.11 kB
dist/xiaobao-combat-preview.html              2.75 kB │ gzip:   1.28 kB
dist/assets/xiaobao-preview-5osY0aZY.css      1.94 kB │ gzip:   0.90 kB
dist/assets/game-98xxiIsG.css                49.54 kB │ gzip:  10.77 kB
dist/assets/damage-Cg-hIqu3.js                1.11 kB │ gzip:   0.48 kB
dist/assets/xiaobao-DvjAolNn.js               3.72 kB │ gzip:   1.66 kB
dist/assets/xiaobaoCombat-CR_A3HF3.js         6.01 kB │ gzip:   3.04 kB
dist/assets/game-taRDc3RR.js                538.67 kB │ gzip: 188.53 kB
dist/assets/xiaobaoView-DYyPwwkY.js       1,603.62 kB │ gzip: 436.35 kB

✓ built in 473ms
[plugin builtin:vite-reporter] 
(!) Some chunks are larger than 500 kB after minification. Consider:
- Using dynamic import() to code-split the application
- Use build.rolldownOptions.output.codeSplitting to improve chunking: https://rolldown.rs/reference/OutputOptions.codeSplitting
- Adjust chunk size limit for this warning via build.chunkSizeWarningLimit.

Running 2 tests using 1 worker

(node:78009) Warning: The 'NO_COLOR' env is ignored due to the 'FORCE_COLOR' env being set.
(Use `node --trace-warnings ...` to show where the warning was created)
  ✓  1 tests/aiming-scope.spec.ts:9:1 › scope-normal-flow (1.4m)
  ✓  2 tests/aiming-scope.spec.ts:46:1 › scope-legacy-migration (4.4s)

  2 passed (1.5m)
