
> farwind@0.1.0 build
> tsc --noEmit && vite build

vite v8.3.1 building client environment for production...
transforming...
✓ 158 modules transformed.
rendering chunks...
computing gzip size...
dist/index.html                               0.80 kB │ gzip:   0.44 kB
dist/xiaobao-preview.html                     1.99 kB │ gzip:   1.11 kB
dist/xiaobao-combat-preview.html              2.75 kB │ gzip:   1.27 kB
dist/assets/xiaobao-preview-5osY0aZY.css      1.94 kB │ gzip:   0.90 kB
dist/assets/game-98xxiIsG.css                49.54 kB │ gzip:  10.77 kB
dist/assets/damage-Cg-hIqu3.js                1.11 kB │ gzip:   0.48 kB
dist/assets/xiaobao-N6NDoOL6.js               3.72 kB │ gzip:   1.66 kB
dist/assets/xiaobaoCombat-Bh8ua12n.js         6.01 kB │ gzip:   3.04 kB
dist/assets/game-Apot6HUF.js                538.63 kB │ gzip: 188.53 kB
dist/assets/xiaobaoView-Bk95sLmO.js       1,607.54 kB │ gzip: 437.79 kB

✓ built in 794ms
[plugin builtin:vite-reporter] 
(!) Some chunks are larger than 500 kB after minification. Consider:
- Using dynamic import() to code-split the application
- Use build.rolldownOptions.output.codeSplitting to improve chunking: https://rolldown.rs/reference/OutputOptions.codeSplitting
- Adjust chunk size limit for this warning via build.chunkSizeWarningLimit.
